﻿
> market@0.0.0 build
> vite build

[36mvite v5.4.21 [32mbuilding for production...[36m[39m
transforming...
[32mΓ£ô[39m 890 modules transformed.
rendering chunks...
npm : [31mx[39m Build 
failed in 5.21s
At line:1 char:1
+ npm run build > 
build_output.txt 2>&1
+ ~~~~~~~~~~~~~~~~~~~~~~~~~~~~
~~~~~~~~~
    + CategoryInfo          : 
    NotSpecified: ([31mx[3  
  9m Build failed in 5.21s:   
 String) [], RemoteExcepti    
on
    + FullyQualifiedErrorId : 
    NativeCommandError
 
[31merror during build:
[31m[vite:esbuild-transpile] 
Transform failed with 1 error:
assets/index-!~{001}~.js:21275
:4: ERROR: Top-level await is 
not available in the 
configured target environment 
("chrome87", "edge88", 
"es2020", "firefox78", 
"safari14" + 2 overrides)[31m
[33m
[33mTop-level await is not 
available in the configured 
target environment 
("chrome87", "edge88", 
"es2020", "firefox78", 
"safari14" + 2 overrides)[33m
21273|  const userStore = 
useUserStore();
21274|  try {
21275|      await 
userStore.checkAuth();
   |      ^
21276|  } catch (error) {
21277|      
console.error("Failed to 
check auth during 
initialization:", error);
[31m
    at failureErrorWithLog (C:
\Users\PAEDIATRICS\my-front-en
d\node_modules\vite\node_modul
es\esbuild\lib\main.js:1472:15
)
    at C:\Users\PAEDIATRICS\my
-front-end\node_modules\vite\n
ode_modules\esbuild\lib\main.j
s:755:50
    at 
responseCallbacks.<computed> (
C:\Users\PAEDIATRICS\my-front-
end\node_modules\vite\node_mod
ules\esbuild\lib\main.js:622:9
)
    at handleIncomingPacket (C
:\Users\PAEDIATRICS\my-front-e
nd\node_modules\vite\node_modu
les\esbuild\lib\main.js:677:12
)
    at Socket.readFromStdout (
C:\Users\PAEDIATRICS\my-front-
end\node_modules\vite\node_mod
ules\esbuild\lib\main.js:600:7
)
    at Socket.emit 
(node:events:524:28)
    at addChunk (node:internal
/streams/readable:561:12)
    at 
readableAddChunkPushByteMode (
node:internal/streams/readable
:512:3)
    at Readable.push (node:int
ernal/streams/readable:392:5)
    at Pipe.onStreamRead (node
:internal/stream_base_commons:
191:23)[39m
